C51 COMPILER V9.60.0.0   GLOBAL_VARIABLE                                                   05/09/2023 17:03:20 PAGE 1   


C51 COMPILER V9.60.0.0, COMPILATION OF MODULE GLOBAL_VARIABLE
OBJECT MODULE PLACED IN .\Objects\global_variable.obj
COMPILER INVOKED BY: C:\Keil_v5\C51\BIN\C51.EXE Softwares\Basic\global_variable.c LARGE OMF2 OPTIMIZE(9,SPEED) BROWSE IN
                    -CDIR(.\Drivers\Lib\c;.\Drivers\Lib\H;.\Drivers\Lib\IAP_Lib;.\Drivers\Lib\TouchKey_lib;.\Drivers\Physical;.\Drivers\Proto
                    -col;.\Softwares\Application;.\Softwares\Basic;.\Softwares\ModuleLogic;.\Drivers\Protocol\YC_NFC;.\Drivers\Protocol\WIFI_
                    -Tuya) DEBUG PRINT(.\Listings\global_variable.lst) TABS(2) OBJECT(.\Objects\global_variable.obj)

line level    source

   1          #include "global_variable.h"
   2          
   3          Timebase_t G_tflagbits;
   4          systemtime_t SystemTime;
   5          systemtime_t TempSystemTime;
   6          uint32_t G_SystemUTCTime;
   7          UartRxMgr_t UART1_Mgr;
   8          UartRxMgr_t UART2_Mgr;
   9          uint8_t G_TEST;
  10          screen_t CurrentScreen;
  11          FpmAckMgr_t FpmAckMgr;
  12          FpUserRegisterMgr_t FpUserRegisterMgr;
  13          AllUserFpDeleteMgr_t  AllUserFpDeleteMgr;
  14          FpUserDeleteMgr_t FpUserDeleteMgr;
  15          FpIdentifyMgr_t FpIdentifyMgr;
  16          CardMemoryMgr_t CardMemoryMgr[DEF_MAX_CARDUSER];
  17          CardRegisterMgr_t CardUserRegisterMgr;
  18          CardIdentifyMgr_t CardIdentifyMgr;
  19          CardUserDeleteMgr_t CardUserDeleteMgr;
  20          AllCardUserDeleteMgr_t AllCardUserDeleteMgr;
  21          
  22          FpRegisterMgr_t FpRegisterMgr;
  23          
  24          PasscodeMemoryMgr_t PasscodeMemoryMgr[DEF_MAX_PASSCODEMASTER+DEF_MAX_PASSCODEUSER];
  25          PasscodeUserRegisterMgr_t PasscodeUserRegisterMgr;
  26          PasscodeUserDeleteMgr_t PasscodeUserDeleteMgr;
  27          AllPasscodeUserDeleteMgr_t AllPasscodeUserDeleteMgr;
  28          PasscodeUserIdentifyMgr_t PasscodeUserIdentifyMgr;
  29          BatteryMgr_t BatteryMgr;
  30          
  31          MotorMgr_t  MotorMgr;
  32          //EMAGNETMgr_t EMAGNETMgr;
  33          
  34          SystemPowerMgr_t SystemPowerMgr;
  35          
  36          BeepMgr_t BeepMgr;
  37          
  38          VoiceDataTransferMgr_t VoiceDataTransferMgr;
  39          //VoiceDataTransferMgr_t VoiceDataTransferMgr2;
  40          
  41          FpUserMemoryMgr_t FpUserMemoryMgr[DEF_MAX_FPMASTER+DEF_MAX_FPUSER];
  42          
  43          RestoreFactoryDefaultMgr_t RestoreFactoryDefaultMgr;
  44          
  45          VoiceMgr_t VoiceMgr;
  46          PickAlarmEnableMgr_t PickAlarmEnableMgr;
  47          
  48          CheckHomManyRegisteredFPuser_t CheckHomManyRegisteredFPuser;
  49          CheckIfFpUserIDisRegistered_t CheckIfFpUserIDisRegistered;
  50          CheckMemoryMgr_t CheckMemoryMgr;
  51          ManagerIdentifyMgr_t ManagerIdentifyMgr;
  52          DisplayMemoryUsageMgr_t DisplayMemoryUsageMgr;
C51 COMPILER V9.60.0.0   GLOBAL_VARIABLE                                                   05/09/2023 17:03:20 PAGE 2   

  53          InitializationMgr_t InitializationMgr;
  54          ManagerPasscodeModifyMgr_t  ManagerPasscodeModifyMgr;
  55          UserIdentifyResultMgr_t UserIdentifyResultMgr;
  56          SelfTestMgr_t SelfTestMgr;
  57          
  58          SafetyMonitorMgr_t SafetyMonitorMgr;
  59          UnlockingModeMgr_t UnlockingModeMgr;
  60          
  61          FPMpowerMgr_t FPMpowerMgr;
  62          
  63          bool_t g_ASTERISK_PressedOnMainScreen;
  64          AgingTestMgr_t AgingTestMgr;
  65          
  66          LogMgr_t LogMgr;
  67          
  68          LockBrand_t LockBrand;
  69          
  70          CheckEventLogByDateMgr_t CheckEventLogByDateMgr;
  71          
  72          CheckEventLogBySequenceMgr_t CheckEventLogBySequenceMgr;
  73          
  74          TouchPowerMgr_t TouchPowerMgr;
  75          
  76          SystemLanguage_t SystemLanguage;
  77          
  78          AntiPryingMgr_t AntiPryingMgr;
  79          
  80          LogDeleteMgr_t LogDeleteMgr;
  81          
  82          FPMserialNumberManager_t FPMserialNumberManager;
  83          
  84          LEDsMgr_t LEDsMgr;
  85          
  86          //FpLEDState_t FpLEDState;
  87          
  88          VoiceReportLogMgr_t VoiceReportLogMgr;
  89          
  90          DriverBoardVersion_t DriverBoardVersion;
  91          
  92          DoorBellMgr_t DoorBellMgr;
  93          
  94          WifiMgr_t WifiMgr;
  95          
  96          AwakeSystemKeyMgr_t AwakeSystemKeyMgr;
  97          


MODULE INFORMATION:   STATIC OVERLAYABLE
   CODE SIZE        =   ----    ----
   CONSTANT SIZE    =   ----    ----
   XDATA SIZE       =   2056    ----
   PDATA SIZE       =   ----    ----
   DATA SIZE        =   ----    ----
   IDATA SIZE       =   ----    ----
   BIT SIZE         =   ----    ----
   EDATA SIZE       =   ----    ----
   HDATA SIZE       =   ----    ----
   XDATA CONST SIZE =   ----    ----
   FAR CONST SIZE   =   ----    ----
END OF MODULE INFORMATION.


C51 COMPILATION COMPLETE.  0 WARNING(S),  0 ERROR(S)
