C51 COMPILER V9.60.0.0   LOWPOWER                                                          04/25/2023 17:24:18 PAGE 1   


C51 COMPILER V9.60.0.0, COMPILATION OF MODULE LOWPOWER
OBJECT MODULE PLACED IN .\Objects\LowPower.obj
COMPILER INVOKED BY: C:\Keil_v5\C51\BIN\C51.EXE Softwares\Application\LowPower.c LARGE OMF2 OPTIMIZE(9,SPEED) BROWSE INC
                    -DIR(.\Drivers\Lib\c;.\Drivers\Lib\H;.\Drivers\Lib\IAP_Lib;.\Drivers\Lib\TouchKey_lib;.\Drivers\Physical;.\Drivers\Protoc
                    -ol;.\Softwares\Application;.\Softwares\Basic;.\Softwares\ModuleLogic) DEBUG PRINT(.\Listings\LowPower.lst) TABS(2) OBJEC
                    -T(.\Objects\LowPower.obj)

line level    source

   1          #include "LowPower.h"
   2          #include "SensorMethod.h"
   3          #include "Project.h"
   4          #include "IO.h"
   5          #include "global_variable.h"
   6          #include "Basic_Function.h"
   7          #include "HallSlide.h"
   8          /*以下为休眠唤醒函数所需头文件*/
   9          #include "spi.h"
  10          #include "adc.h"
  11          #include "KeyScan.h"
  12          #include "GUI.h"
  13          #include "i2c.h"
  14          #include "Fingerprint.h"
  15          #include "MFC_WS1850.h"
  16          #include "BeepMgr.h"
  17          #include "tim.h"
  18          #include "usart.h"
  19          #include "RTC_PCF8563.h"
  20          #include "LCD.h"
  21          #include "Battery.h"
  22          
  23          extern bool_t IfSystemIsInFactoryDefaultStatus(void);
  24          
  25          extern bit Touch_WakeUpFlag;
  26          #ifdef Function_HallSlideCover
              extern  bit SleepingHallState;  //休眠时读到霍尔io口的电位值
              extern bit HallSleepFlag;       //霍尔休眠标志
              #endif
  30          
  31          #ifdef Function_USE_Internal_RTC
              unsigned  char  SecondCount = 0;
              #endif
  34          
  35          static uint8_t LastWakeUpKeyValue = 0xff;
  36          bit     KeyJustWakeUp = 0;
  37          
  38          /**************************************************
  39          *函数名称：void IntoLowPowerMode_Init(void)
  40          *函数功能：进入低功耗模式前的的初始化
  41          *入口参数：void
  42          *出口参数：void  
  43          *备注说明：在进入低功耗前，对部分数据进行处理 
  44          **************************************************/
  45          void IntoLowPowerMode_Init(void)
  46          {
  47   1          /*进入低功耗前设置*/
  48   1        #ifdef Function_HallSlideCover
                SleepingHallState = PINMACRO_HALLSENSOR_STATUS;
                HallSleepFlag = 0;
                #endif
  52   1      }
C51 COMPILER V9.60.0.0   LOWPOWER                                                          04/25/2023 17:24:18 PAGE 2   

  53          
  54          /**************************************************
  55          *函数名称：void MX_QuitLowPowerMode(void)
  56          *函数功能退出低功耗模式
  57          *入口参数：void
  58          *出口参数：void  
  59          **************************************************/
  60          void MX_QuitLowPowerMode(void)
  61          {
  62   1        TouchKey_QuitLowPowerMode();       
  63   1        Touch_WakeUpFlag = 1;
  64   1        INT1flag=0x00;
  65   1      }
  66          
  67          /**************************************************
  68          *函数名称：void AntiMisAwakeup(uint8_t KeyValue)
  69          *函数功能防止偶然干扰造成自动唤醒
  70          *入口参数：uint8_t KeyValue
  71          *出口参数：void  
  72          **************************************************/
  73          void AntiMisAwakeup(uint8_t KeyValue)
  74          {
  75   1        //uint8_t i=0;
  76   1        if(LastWakeUpKeyValue==KeyValue)
  77   1        {
  78   2          #ifdef Function_HallSlideCover
                  if( PINMACRO_HALLSENSOR_STATUS == 0 )
                  {
                    MX_QuitLowPowerMode();
                    KeyJustWakeUp = 1;
                    LastWakeUpKeyValue = 0xff;
                  }
                  #else
  86   2          MX_QuitLowPowerMode();
  87   2          KeyJustWakeUp = 1;
  88   2          LastWakeUpKeyValue = 0xff;
  89   2          #endif
  90   2        }
  91   1        else{
  92   2      //    LastWakeUpKeyValue = KeyValue;
  93   2      //    LastWakeUpKeyValue = 0;
  94   2      //    i++;
  95   2          LastWakeUpKeyValue = KeyValue;
  96   2        }
  97   1      //      MX_QuitLowPowerMode();
  98   1      //      KeyJustWakeUp = 1;
  99   1      }
 100          
 101          /**************************************************
 102          *函数名称：void LowPowerAwakeupDispose(void)
 103          *函数功能低功耗唤醒检测（不带触摸按键检测）
 104          *入口参数：void
 105          *出口参数：void  
 106          **************************************************/
 107          void LowPowerAwakeupDispose(void)
 108          {
 109   1        if( PickAlarmEnableMgr.Enable == bTRUE )
 110   1        {
 111   2          if(( PINMACRO_PICKLOCK_STATUS == 1 )&&( AntiPryingMgr.AntiPryingSignalRelease == bTRUE ))
 112   2          {
 113   3            MX_QuitLowPowerMode();
 114   3          }
C51 COMPILER V9.60.0.0   LOWPOWER                                                          04/25/2023 17:24:18 PAGE 3   

 115   2        }
 116   1        if(( PINMACRO_FPM_TOUCH_STATUS == 1 )||( PINMACRO_ONBOARD_BUTTON_STATUS == 0 ))
 117   1        {
 118   2          MX_QuitLowPowerMode();
 119   2        }
 120   1        #ifdef Function_HallSlideCover
                HallAwakeupDispose();
                #endif
 123   1        if( INT1flag != 0 )
 124   1        {
 125   2          MX_QuitLowPowerMode();
 126   2        }
 127   1      }
 128          
 129          /**************************************************
 130          *函数名称：void System_PowerDown(void)
 131          *函数功能系统休眠开始
 132          *入口参数：void
 133          *出口参数：void  
 134          **************************************************/
 135          void System_PowerDown(void)
 136          {
 137   1        uint8_t i;
 138   1        
 139   1        static uint16_t FPtimeout_times,FP_SleepFailedTimes;
 140   1        
 141   1        CLRWDT();
 142   1        DEBUG_MARK;
 143   1        
 144   1        #ifdef Function_ScreenDisplay
 145   1        Clear_Screen();
 146   1        #endif
 147   1        
 148   1        #ifndef DEBUG_MODE
 149   1        SET_LOGLED_OFF;
 150   1        #endif
 151   1        
 152   1        ADC_DeInit();
 153   1        
 154   1        MX_TIM_DeInit();
 155   1      
 156   1        SPI0_DeInit();
 157   1      
 158   1        MFC_POWERDOWN();  
 159   1      
 160   1        VoicePlayerPowerDown();
 161   1      
 162   1        CLRWDT();
 163   1      
 164   1        FPtimeout_times=0;
 165   1        FP_SleepFailedTimes=0;
 166   1        while(1)
 167   1        {
 168   2          FpmAckMgr.Status = WaitACK;
 169   2          FPM_SendSleepCmd();
 170   2          for (i=0;i<25;i++)
 171   2          {
 172   3            CLRWDT();
 173   3            Hardware_DelayMs(20);
 174   3            FPM_Mgr_Task();
 175   3            if ( FpmAckMgr.Status == GotACK )
 176   3            {
C51 COMPILER V9.60.0.0   LOWPOWER                                                          04/25/2023 17:24:18 PAGE 4   

 177   4              if (  ( FpmAckMgr.ErrorCode == Error_NONE)
 178   4                &&(PINMACRO_FPM_TOUCH_STATUS == 0 )
 179   4                )
 180   4              {
 181   5                FPMpowerMgr.Status = FPMpowerDown;  
 182   5                DEBUG_MARK;
 183   5                break;
 184   5              }
 185   4              else
 186   4              {
 187   5                FP_SleepFailedTimes++;
 188   5                DEBUG_MARK;
 189   5                
 190   5                if (FP_SleepFailedTimes>350)    //FP not released more than 10s
 191   5                {
 192   6                  FPMpowerMgr.Status = FPMpowerDown;  
 193   6                }
 194   5                break;
 195   5              }
 196   4              
 197   4            }
 198   3            else
 199   3            {
 200   4              if (i>23)   //time out,FP failed
 201   4              {
 202   5                FPtimeout_times++;
 203   5                if (FPtimeout_times>2)
 204   5                {
 205   6                  FPMpowerMgr.Status = FPMpowerDown;  
 206   6                  break;
 207   6                }
 208   5              }
 209   4            }
 210   3          }
 211   2          CLRWDT();
 212   2          if ( FPMpowerMgr.Status == FPMpowerDown)
 213   2          {
 214   3            DEBUG_MARK;
 215   3            MX_UART2_DeInit();
 216   3            SET_FPMPOWER_OFF; 
 217   3            Hardware_DelayMs(3);//Wait for Power line lost power
 218   3            break;
 219   3          }
 220   2        }
 221   1        #ifdef ProjectIs_BarLock_S6902
                  LEDsCtrlSwitch = 0;
                #endif
 224   1          //wait for user release touch button
 225   1        if ( SystemPowerMgr.SleepSource == UserForced )
 226   1        {
 227   2          for (i=0;i<10;i++)
 228   2          {
 229   3            CLRWDT();
 230   3            Hardware_DelayMs(1);
 231   3          }
 232   2        }
 233   1      
 234   1        MX_GPIO_DeInit();
 235   1        
 236   1        Enable_EX_Interrupt();
 237   1        
 238   1        IntoLowPowerMode_Init();
C51 COMPILER V9.60.0.0   LOWPOWER                                                          04/25/2023 17:24:18 PAGE 5   

 239   1      
 240   1        TouchKey_IntoLowPowerMode();
 241   1        i=0;
 242   1        while(i!=1)
 243   1        {
 244   2          if(GetLowPowerScanFlag() == 0)  //正常运行模式 
 245   2          {
 246   3            i=1;
 247   3          }
 248   2          else            //低功耗运行模式
 249   2          {
 250   3            LowPower_Touchkey_Scan();
 251   3          } 
 252   2        }
 253   1      }
 254          
 255          /**************************************************
 256          *函数名称：void System_Awake(void)
 257          *函数功能系统唤醒开始
 258          *入口参数：void
 259          *出口参数：void  
 260          **************************************************/
 261          void System_Awake(void)
 262          {
 263   1        uint8_t i;
 264   1        
 265   1        CLRWDT();
 266   1      
 267   1        Hardware_DelayMs(1);    //wait for system clock stable//
 268   1        
 269   1        MX_GPIO_Init();
 270   1        
 271   1        SET_MFC_RST_H;
 272   1        
 273   1        MX_ADC1_Init();
 274   1        
 275   1        MX_TIM_Init();
 276   1        
 277   1        MX_SPI0_Init();
 278   1        
 279   1        MX_I2C_Init();
 280   1        
 281   1        #ifndef DEBUG_MODE
 282   1        SET_LOGLED_ON;
 283   1        #endif
 284   1        
 285   1        #if (defined ProjectIs_BarLock_S6902)
                SET_LEDKEYs_OFF;
                #endif
 288   1        
 289   1        MX_UART2_Init();
 290   1        
 291   1        SET_POWER_ON;        
 292   1        FPMpowerMgr.Status = FPMpowerOn;
 293   1        Hardware_DelayMs(5);    //wait for OLED Driver power on reset
 294   1        
 295   1        MFC_Init();
 296   1        Hardware_DelayMs(5);  
 297   1        
 298   1        TouchKeyRestart();
 299   1        Key_Init();
 300   1        
C51 COMPILER V9.60.0.0   LOWPOWER                                                          04/25/2023 17:24:18 PAGE 6   

 301   1        GUI_Init(); 
 302   1      
 303   1        SET_VOLUME(VoiceMgr.volume);
 304   1      
 305   1        Hardware_DelayMs(1);
 306   1        
 307   1        for (i=0;i<100;i++)
 308   1        {
 309   2          if( i%10 == 0 )CLRWDT();
 310   2          Hardware_Task_Analog();
 311   2          HardwareBatteryMgr_Task();
 312   2        }
 313   1        if (( BatteryMgr.BatteryLevel == LEVEL_1 )||( BatteryMgr.BatteryLevel == LEVEL_0 ))
 314   1        {
 315   2          PLAY_VOICE_ONESEGMENT(VOICE_PleaseReplaceTheBattery);
 316   2          BatteryMgr.TimeCnt = Def_MessageBoxTimeDelay;
 317   2          CurrentScreen = SCREEN_LowBattery;    
 318   2        }
 319   1        #ifdef INSIDEBUTTONINTOMAINMENU
                else if (SystemPowerMgr.AwakeSource == SystemResetKey)    
                {
                  if ( PINMACRO_ONBOARD_BUTTON_STATUS != 0 )
                  {
                    //TouchKeyStatus.KEY_INSIDEBUTTON_Pressed = bTRUE;
                    //SystemPowerMgr.AwakeSource = DoNotCare; 
                    CurrentScreen = SCREEN_ManagerIdentify;
                    ManagerIdentifyMgr.Status = StartManagerIdentify;
                  }
              
                } 
                #endif
 332   1        else
 333   1        {
 334   2          CurrentScreen = SCREEN_Main;
 335   2          PasscodeUserIdentifyMgr.Status = PasscodeIdentifyIdle;
 336   2          FpIdentifyMgr.Status = FPMcmdStart;
 337   2          CardIdentifyMgr.Status = ReadingCardID;
 338   2          if ( IfSystemIsInFactoryDefaultStatus()==bTRUE )
 339   2          {
 340   3            PLAY_VOICE_ONESEGMENT(VOICE_PleaseAddMasterFirst);
 341   3          }
 342   2          else
 343   2          {
 344   3            if (  (SystemPowerMgr.AwakeSource == CasingOpen)
 345   3              ||(SystemPowerMgr.AwakeSource == KeyBoardTouch)
 346   3              )
 347   3            {
 348   4              PLAY_VOICE_ONESEGMENT_FIXED(VOICE_POWERON); 
 349   4            }
 350   3          }
 351   2        }
 352   1        
 353   1        SystemPowerMgr.SleepSource = SleepTimer;
 354   1      
 355   1      #ifdef Function_FPMbreathingLed
 356   1        for(i=0;i<25;i++)
 357   1        {
 358   2          CLRWDT();
 359   2          FpmAckMgr.Status = WaitACK;
 360   2          FPM_SetBreathingLED(1,1,1,255);   //Blue LED breathing
 361   2          Hardware_DelayMs(20);
 362   2          FPM_Mgr_Task();
C51 COMPILER V9.60.0.0   LOWPOWER                                                          04/25/2023 17:24:18 PAGE 7   

 363   2          if ( FpmAckMgr.Status == GotACK )
 364   2          {
 365   3            break;
 366   3          }
 367   2        }
 368   1      #endif
 369   1        
 370   1      }
 371          
 372          /**************************************************
 373          *函数名称：void LowPowerTimer_ISR(void)
 374          *函数功能低功耗模式下定时器中断服务函数（125ms调用一次）
 375          *入口参数：void
 376          *出口参数：void  
 377          **************************************************/
 378          void LowPowerTimer_ISR(void) 
 379          {
 380   1        #ifdef Function_USE_Internal_RTC
                SecondCount += 1;
                if( SecondCount >= 8 )
                {
                  SecondCount = 0;
                  G_SystemUTCTime += 1;
                }
                #endif
 388   1      }
 389          
 390          
 391          


MODULE INFORMATION:   STATIC OVERLAYABLE
   CODE SIZE        =    684    ----
   CONSTANT SIZE    =   ----    ----
   XDATA SIZE       =      5       3
   PDATA SIZE       =   ----    ----
   DATA SIZE        =   ----    ----
   IDATA SIZE       =   ----    ----
   BIT SIZE         =      1    ----
   EDATA SIZE       =   ----    ----
   HDATA SIZE       =   ----    ----
   XDATA CONST SIZE =   ----    ----
   FAR CONST SIZE   =   ----    ----
END OF MODULE INFORMATION.


C51 COMPILATION COMPLETE.  0 WARNING(S),  0 ERROR(S)
