C51 COMPILER V9.60.0.0   BASIC_FUNCTION                                                    05/12/2023 14:12:13 PAGE 1   


C51 COMPILER V9.60.0.0, COMPILATION OF MODULE BASIC_FUNCTION
OBJECT MODULE PLACED IN .\Objects\Basic_Function.obj
COMPILER INVOKED BY: C:\Keil_v5\C51\BIN\C51.EXE Drivers\Physical\Basic_Function.c LARGE OMF2 OPTIMIZE(9,SPEED) BROWSE IN
                    -CDIR(.\Drivers\Lib\c;.\Drivers\Lib\H;.\Drivers\Lib\IAP_Lib;.\Drivers\Lib\TouchKey_lib;.\Drivers\Physical;.\Drivers\Proto
                    -col;.\Softwares\Application;.\Softwares\Basic;.\Softwares\ModuleLogic) DEBUG PRINT(.\Listings\Basic_Function.lst) TABS(2
                    -) OBJECT(.\Objects\Basic_Function.obj)

line level    source

   1          #include "Basic_Function.h"
   2          #include "intrins.H"
   3          
   4          void Soft_Delay1us(void)
   5          {
   6   1        _nop_();_nop_();_nop_();_nop_();_nop_();
   7   1        _nop_();_nop_();_nop_();_nop_();_nop_();
   8   1        _nop_();_nop_();_nop_();_nop_();_nop_();
   9   1        _nop_();_nop_();_nop_();_nop_();_nop_();
  10   1        _nop_();_nop_();_nop_();_nop_();_nop_();
  11   1      }
  12          
  13          void Soft_Delay2us(void)
  14          {
  15   1        Soft_Delay1us();
  16   1        Soft_Delay1us();
  17   1      }
  18          void Soft_Delay3us(void)
  19          {
  20   1        Soft_Delay1us();
  21   1        Soft_Delay1us();
  22   1        Soft_Delay1us();
  23   1      }
  24          void Soft_Delay4us(void)
  25          {
  26   1        Soft_Delay1us();
  27   1        Soft_Delay1us();
  28   1        Soft_Delay1us();
  29   1        Soft_Delay1us();
  30   1      }
  31          void Soft_Delay5us(void)
  32          {
  33   1        Soft_Delay1us();
  34   1        Soft_Delay1us();
  35   1        Soft_Delay1us();
  36   1        Soft_Delay1us();
  37   1        Soft_Delay1us();
  38   1      }
  39          
  40          void Soft_Delay_us(unsigned long time)//不准
  41          {
  42   1         while(time--);
  43   1      }
  44          
  45          void Soft_Delay_usS(unsigned int time)//不准
  46          {
  47   1        while(time--)
  48   1        {
  49   2          Soft_Delay_us(3);
  50   2        }
  51   1      }
  52          
C51 COMPILER V9.60.0.0   BASIC_FUNCTION                                                    05/12/2023 14:12:13 PAGE 2   

  53          void Soft_Delay1ms(unsigned int time)
  54          {
  55   1        while(time--)
  56   1        {
  57   2          Soft_Delay_us(585);
  58   2        }
  59   1      }
  60          
  61          void  Hardware_DelayMs(uint16_t time)
  62          {
  63   1        Soft_Delay1ms(time);
  64   1      }
  65          
  66          void Hardware_DelayX1us(uint16_t time)
  67          {
  68   1        while(time--);
  69   1      }
  70          
  71          void  Hardware_DelayX5us(uint16_t time)
  72          {
  73   1        while(time--)
  74   1        {
  75   2        Soft_Delay_us(2);
  76   2        }
  77   1      }


MODULE INFORMATION:   STATIC OVERLAYABLE
   CODE SIZE        =    181    ----
   CONSTANT SIZE    =   ----    ----
   XDATA SIZE       =   ----       4
   PDATA SIZE       =   ----    ----
   DATA SIZE        =   ----    ----
   IDATA SIZE       =   ----    ----
   BIT SIZE         =   ----    ----
   EDATA SIZE       =   ----    ----
   HDATA SIZE       =   ----    ----
   XDATA CONST SIZE =   ----    ----
   FAR CONST SIZE   =   ----    ----
END OF MODULE INFORMATION.


C51 COMPILATION COMPLETE.  0 WARNING(S),  0 ERROR(S)
